main.c:224:6:SSD1306_WriteSingleCommand	40	static
main.c:231:6:SSD1306_WriteMultiCommands	32	static
main.c:237:6:SSD1306_WriteData	32	static
main.c:242:6:SSD1306_WriteMultiData	32	static
main.c:247:6:SSD1306_SetMemoryAddressingMode	24	static
main.c:258:6:SSD1306_SetPageAddress	24	static
main.c:269:6:SSD1306_SetColumnAddress	24	static
main.c:281:6:SSD1306_SetRowAddress	24	static
main.c:287:6:SSD1306_WriteContrast	16	static
main.c:294:6:SSD1306_UpdateScreenFromBuffer	4	static
main.c:302:6:clearBuffer	16	static
main.c:309:6:fillBuffer	16	static
main.c:317:6:SSD1306_ClearScreen	16	static
main.c:338:6:SSD1306_ClearScreenAddressing	1032	static
main.c:355:5:SSD1306_WriteChar	16	static
main.c:370:5:SSD1306_WriteString	184	static
main.c:436:6:SSD1306_InsertPixelInBuffer	16	static
main.c:448:6:SSD1306_UpdateScreen	16	static
main.c:454:6:SSD1306_PixelTest	16	static
main.c:468:6:SSD1306_RandomiseBuffer	16	static
main.c:479:6:SSD1306_Init_Test	16	static
main.c:523:6:HAL_UART_RxCpltCallback	16	static,ignoring_inline_asm
main.c:562:6:clear_rx_line	16	static
main.c:577:6:read_line	16	static,ignoring_inline_asm
main.c:655:5:main	8	static,ignoring_inline_asm
main.c:748:6:SystemClock_Config	88	static
main.c:788:13:MX_I2C1_Init	8	static
main.c:822:13:MX_USART1_UART_Init	8	static
main.c:853:13:MX_DMA_Init	16	static
main.c:871:13:MX_GPIO_Init	16	static
main.c:888:6:Error_Handler	4	static
